[Bootstrap]
SetupTitle=Instalar
SetupText=Copiando archivos, espere.
CabFile=basededato-e-inventario-A.CAB
Spawn=Setup1.exe
Uninstal=st6unst.exe
TmpDir=msftqws.pdw
Cabs=1

[Bootstrap Files]
File1=@VB6STKIT.DLL,$(WinSysPathSysFile),,,7/15/00 12:00:00 AM,101888,6.0.84.50
File2=@COMCAT.DLL,$(WinSysPathSysFile),$(DLLSelfRegister),,6/1/98 12:00:00 AM,22288,4.71.1460.1
File3=@VB6ES.DLL,$(WinSysPath),,$(Shared),10/2/00 12:00:00 AM,119568,6.0.89.88
File4=@STDOLE2.TLB,$(WinSysPathSysFile),$(TLBRegister),,6/3/99 12:00:00 AM,17920,2.40.4275.1
File5=@ASYCFILT.DLL,$(WinSysPathSysFile),,,3/8/99 12:00:00 AM,147728,2.40.4275.1
File6=@OLEPRO32.DLL,$(WinSysPathSysFile),$(DLLSelfRegister),,3/8/99 12:00:00 AM,164112,5.0.4275.1
File7=@OLEAUT32.DLL,$(WinSysPathSysFile),$(DLLSelfRegister),,4/12/00 12:00:00 AM,598288,2.40.4275.1
File8=@msvbvm60.dll,$(WinSysPathSysFile),$(DLLSelfRegister),,7/13/09 10:15:50 PM,1386496,6.0.98.15

[IconGroups]
Group0=Proyecto1
PrivateGroup0=-1
Parent0=$(Programs)

[Proyecto1]
Icon1="basededato-e-inventario-A.exe"
Title1=Proyecto1
StartIn1=$(AppPath)

[Setup]
Title=Proyecto1
DefaultDir=$(ProgramFiles)\Proyecto1
AppExe=basededato-e-inventario-A.exe
AppToUninstall=basededato-e-inventario-A.exe

[Setup1 Files]
File1=@vbWallicon.jpg,$(AppPath),,$(Shared),3/10/20 7:32:45 PM,17633,0.0.0.0
File2=@g520upicon.jpg,$(AppPath),,$(Shared),3/10/20 7:31:31 PM,10341,0.0.0.0
File3=@Form5.frx,$(AppPath),,$(Shared),3/10/20 7:58:02 PM,80881,0.0.0.0
File4=@Form5.frm,$(AppPath),,$(Shared),3/10/20 7:58:02 PM,9400,0.0.0.0
File5=@Form4.frx,$(AppPath),,$(Shared),3/10/20 5:56:44 PM,91358,0.0.0.0
File6=@Form4.frm,$(AppPath),,$(Shared),3/10/20 5:56:44 PM,9093,0.0.0.0
File7=@basededato-e-inventario.TXT,$(AppPath),,$(Shared),3/7/20 6:43:24 PM,582,0.0.0.0
File8=@basededato-e-inventario.PDM,$(AppPath),,$(Shared),3/11/20 5:53:26 PM,13717,0.0.0.0
File9=@vbWall.jpg,$(AppPath),,$(Shared),3/4/20 9:27:51 PM,50489,0.0.0.0
File10=@vb-function-and-procedure-1-638.jpg,$(AppPath),,$(Shared),3/4/20 9:30:31 PM,33356,0.0.0.0
File11=@Module1.bas,$(AppPath),,$(Shared),3/10/20 5:09:51 PM,128,0.0.0.0
File12=@g520up.jpg,$(AppPath),,$(Shared),3/4/20 9:28:47 PM,82242,0.0.0.0
File13=@Form3.frx,$(AppPath),,$(Shared),3/11/20 5:07:31 PM,25614,0.0.0.0
File14=@Form3.frm,$(AppPath),,$(Shared),3/11/20 5:07:31 PM,25050,0.0.0.0
File15=@Form2.frx,$(AppPath),,$(Shared),3/11/20 3:33:28 PM,119734,0.0.0.0
File16=@Form2.frm,$(AppPath),,$(Shared),3/11/20 3:33:28 PM,41881,0.0.0.0
File17=@Form1.frx,$(AppPath),,$(Shared),3/5/20 5:08:36 PM,13680,0.0.0.0
File18=@Form1.frm,$(AppPath),,$(Shared),3/5/20 5:08:36 PM,6421,0.0.0.0
File19=@Database2.mdb,$(AppPath),,$(Shared),3/11/20 7:49:22 PM,241664,0.0.0.0
File20=@basededato-e-inventario.vbw,$(AppPath),,$(Shared),3/11/20 6:47:26 PM,277,0.0.0.0
File21=@basededato-e-inventario.vbp,$(AppPath),,$(Shared),3/11/20 5:07:31 PM,1761,1.0.0.0
File22=@MDAC_TYP.EXE,$(AppPath),,$(Shared),8/12/98 12:00:00 AM,6477888,4.72.3110.0
File23=@actskin4.ocx,$(WinSysPath),$(DLLSelfRegister),$(Shared),12/25/02 7:44:44 AM,380928,4.2.7.3
File24=@MSCAL.OCX,$(WinSysPath),$(DLLSelfRegisterEx),$(Shared),5/7/98 12:00:00 AM,89600,8.0.0.5007
File25=@FLXGDES.DLL,$(WinSysPath),,$(Shared),7/28/98 12:00:00 AM,40448,6.0.81.63
File26=@MSFLXGRD.OCX,$(WinSysPath),$(DLLSelfRegister),$(Shared),3/9/04 12:00:00 AM,260880,6.1.97.82
File27=@FLEXWIZ.OCX,$(WinSysPath),$(DLLSelfRegister),$(Shared),6/24/98 12:00:00 AM,226328,6.0.0.8169
File28=@STDFTES.DLL,$(WinSysPath),,$(Shared),7/31/98 12:00:00 AM,6656,6.0.81.63
File29=@MSSTDFMT.DLL,$(WinSysPath),$(DLLSelfRegister),$(Shared),2/23/04 12:00:00 AM,119808,6.1.97.82
File30=@MSBIND.DLL,$(WinSysPath),$(DLLSelfRegister),$(Shared),2/23/04 12:00:00 AM,78848,6.1.97.82
File31=@ADODCES.DLL,$(WinSysPath),,$(Shared),7/28/98 12:00:00 AM,15872,6.0.81.63
File32=@MSADODC.OCX,$(WinSysPath),$(DLLSelfRegister),$(Shared),3/9/04 12:00:00 AM,131856,6.1.97.82
File33=@ChamaleonButton.ocx,$(WinSysPath),$(DLLSelfRegister),$(Shared),6/1/07 2:37:42 PM,102400,1.0.0.0
File34=@LVbuttons.ocx,$(WinSysPath),$(DLLSelfRegister),$(Shared),11/29/05 5:04:00 AM,48640,1.0.0.0
File35=@DATGDES.DLL,$(WinSysPath),,$(Shared),7/28/98 12:00:00 AM,30208,6.0.81.63
File36=@MSDATGRD.OCX,$(WinSysPath),$(DLLSelfRegister),$(Shared),3/9/04 12:00:00 AM,275216,6.1.97.82
File37=@VB5DB.DLL,$(WinSysPath),,$(Shared),6/18/98 12:00:00 AM,89360,6.0.81.69
File38=@msjtes40.dll,$(WinSysPathSysFile),$(DLLSelfRegister),,7/21/17 11:26:30 AM,290816,4.0.9801.0
File39=@msrepl40.dll,$(WinSysPathSysFile),,,7/1/17 10:05:16 AM,616448,4.0.9801.0
File40=@msrd3x40.dll,$(WinSysPathSysFile),$(DLLSelfRegister),,9/11/19 1:56:48 AM,353792,4.0.9801.19
File41=@msrd2x40.dll,$(WinSysPathSysFile),$(DLLSelfRegister),,8/12/19 11:58:20 PM,313344,4.0.9801.18
File42=@mswdat10.dll,$(WinSysPathSysFile),,,7/1/17 10:05:16 AM,866816,4.0.9801.0
File43=@mswstr10.dll,$(WinSysPathSysFile),,,9/8/17 11:20:51 AM,640512,4.0.9801.1
File44=@expsrv.dll,$(WinSysPathSysFile),,,7/13/09 10:15:20 PM,380957,6.0.72.9589
File45=@vbajet32.dll,$(WinSysPathSysFile),,,7/13/09 10:16:17 PM,30749,6.0.1.9431
File46=@msjint40.dll,$(WinSysPathSysFile),,,9/8/17 11:20:51 AM,8704,4.0.9801.1
File47=@msjter40.dll,$(WinSysPathSysFile),,,7/1/17 10:05:16 AM,83968,4.0.9801.0
File48=@msjet40.dll,$(WinSysPathSysFile),$(DLLSelfRegister),,11/5/19 6:12:01 PM,1312256,4.0.9801.20
File49=@dao360.dll,$(MSDAOPath),$(DLLSelfRegister),$(Shared),7/13/09 10:15:08 PM,610304,3.60.9756.0
File50=@basededato-e-inventario-A.exe,$(AppPath),,$(Shared),3/11/20 6:47:18 PM,430080,1.0.0.0

; Puede eliminar las siguientes líneas para obtener espacio adicional 
; con el fin de personalizar este archivo en un disco de instalación completa.
; 
; XXXXXXXXXXXXXXXXXXXXXXXXXXXXXXXXXXXXXXXXXXXXXXXXXXXXXXXXXXXX
; XXXXXXXXXXXXXXXXXXXXXXXXXXXXXXXXXXXXXXXXXXXXXXXXXXXXXXXXXXXX
; XXXXXXXXXXXXXXXXXXXXXXXXXXXXXXXXXXXXXXXXXXXXXXXXXXXXXXXXXXXX
; XXXXXXXXXXXXXXXXXXXXXXXXXXXXXXXXXXXXXXXXXXXXXXXXXXXXXXXXXXXX
; XXXXXXXXXXXXXXXXXXXXXXXXXXXXXXXXXXXXXXXXXXXXXXXXXXXXXXXXXXXX
; XXXXXXXXXXXXXXXXXXXXXXXXXXXXXXXXXXXXXXXXXXXXXXXXXXXXXXXXXXXX
; XXXXXXXXXXXXXXXXXXXXXXXXXXXXXXXXXXXXXXXXXXXXXXXXXXXXXXXXXXXX
; XXXXXXXXXXXXXXXXXXXXXXXXXXXXXXXXXXXXXXXXXXXXXXXXXXXXXXXXXXXX
; XXXXXXXXXXXXXXXXXXXXXXXXXXXXXXXXXXXXXXXXXXXXXXXXXXXXXXXXXXXX
; XXXXXXXXXXXXXXXXXXXXXXXXXXXXXXXXXXXXXXXXXXXXXXXXXXXXXXXXXXXX
; XXXXXXXXXXXXXXXXXXXXXXXXXXXXXXXXXXXXXXXXXXXXXXXXXXXXXXXXXXXX
; XXXXXXXXXXXXXXXXXXXXXXXXXXXXXXXXXXXXXXXXXXXXXXXXXXXXXXXXXXXX
; XXXXXXXXXXXXXXXXXXXXXXXXXXXXXXXXXXXXXXXXXXXXXXXXXXXXXXXXXXXX
; XXXXXXXXXXXXXXXXXXXXXXXXXXXXXXXXXXXXXXXXXXXXXXXXXXXXXXXXXXXX
; XXXXXXXXXXXXXXXXXXXXXXXXXXXXXXXXXXXXXXXXXXXXXXXXXXXXXXXXXXXX
; XXXXXXXXXXXXXXXXXXXXXXXXXXXXXXXXXXXXXXXXXXXXXXXXXXXXXXXXXXXX
; XXXXXXXXXXXXXXXXXXXXXXXXXXXXXXXXXXXXXXXXXXXXXXXXXXXXXXXXXXXX
; XXXXXXXXXXXXXXXXXXXXXXXXXXXXXXXXXXXXXXXXXXXXXXXXXXXXXXXXXXXX
; XXXXXXXXXXXXXXXXXXXXXXXXXXXXXXXXXXXXXXXXXXXXXXXXXXXXXXXXXXXX
; XXXXXXXXXXXXXXXXXXXXXXXXXXXXXXXXXXXXXXXXXXXXXXXXXXXXXXXXXXXX
; XXXXXXXXXXXXXXXXXXXXXXXXXXXXXXXXXXXXXXXXXXXXXXXXXXXXXXXXXXXX
; XXXXXXXXXXXXXXXXXXXXXXXXXXXXXXXXXXXXXXXXXXXXXXXXXXXXXXXXXXXX
; XXXXXXXXXXXXXXXXXXXXXXXXXXXXXXXXXXXXXXXXXXXXXXXXXXXXXXXXXXXX
; XXXXXXXXXXXXXXXXXXXXXXXXXXXXXXXXXXXXXXXXXXXXXXXXXXXXXXXXXXXX
; XXXXXXXXXXXXXXXXXXXXXXXXXXXXXXXXXXXXXXXXXXXXXXXXXXXXXXXXXXXX
; XXXXXXXXXXXXXXXXXXXXXXXXXXXXXXXXXXXXXXXXXXXXXXXXXXXXXXXXXXXX
; XXXXXXXXXXXXXXXXXXXXXXXXXXXXXXXXXXXXXXXXXXXXXXXXXXXXXXXXXXXX
; XXXXXXXXXXXXXXXXXXXXXXXXXXXXXXXXXXXXXXXXXXXXXXXXXXXXXXXXXXXX
; XXXXXXXXXXXXXXXXXXXXXXXXXXXXXXXXXXXXXXXXXXXXXXXXXXXXXXXXXXXX
; XXXXXXXXXXXXXXXXXXXXXXXXXXXXXXXXXXXXXXXXXXXXXXXXXXXXXXXXXXXX
; XXXXXXXXXXXXXXXXXXXXXXXXXXXXXXXXXXXXXXXXXXXXXXXXXXXXXXXXXXXX
; XXXXXXXXXXXXXXXXXXXXXXXXXXXXXXXXXXXXXXXXXXXXXXXXXXXXXXXXXXXX
; XXXXXXXXXXXXXXXXXXXXXXXXXXXXXXXXXXXXXXXXXXXXXXXXXXXXXXXXXXXX
; XXXXXXXXXXXXXXXXXXXXXXXXXXXXXXXXXXXXXXXXXXXXXXXXXXXXXXXXXXXX
; XXXXXXXXXXXXXXXXXXXXXXXXXXXXXXXXXXXXXXXXXXXXXXXXXXXXXXXXXXXX
